■ الأساسي: E8C71D9D-9557-4963-BF82-4EEAF439DAA8.mp4  1280x720 @ 30fps  مدّة 56.39ث
■ [1/6] تفريغ الكلام بطوابع زمنية على مستوى الكلمة …
   • تحميل موديل faster-whisper (small) …
   • لغة=ar (ثقة 1.00)، 42 كلمة بطوابع زمنية
■ [2/6] كشف لحظات الإرساء العاطفية …
   • 14 لحظة إرساء (قوية=5, وصل=2, وقفات=7)
■ [3/6] مسح مجلد الذكريات (تطبيع الأسماء + تحويل HEIC) …
   • 25 ذكرى (7 صورة، 18 كليب)
■ [4/6] تخطيط الخط الزمني (جسم هادئ + ختام متصاعد) …
■ [5/6] رندرة 19 عنصر ذكرى (Ken Burns / كليبات مكتومة) …
   • عناصر دِزولڤ/Ken Burns جاهزة، و7 عنصر ومضة/لايت-ليك
■ بناء مسار الصوت (سبين متواصل + موسيقى مع ducking) …
■ [6/6] التركيب النهائي وتصدير H.264 …
══════════════════════════════════════════════════════════════════════════════
خريطة المونتاج — فلوق اعتذار
══════════════════════════════════════════════════════════════════════════════
المقطع الأساسي (السبين الصوتي): E8C71D9D-9557-4963-BF82-4EEAF439DAA8.mp4
الطول الكلي: 56.39ث | بداية الختام: 42.29ث | إقفال الوجه: آخر 2.60ث
عدد الذكريات المتاحة: 25 | عدد التوظيفات: 19
------------------------------------------------------------------------------

▶ الجسم (هادئ ومكشوف) — 6 ذكرى متباعدة، انتقالات دِزولڤ فقط:
  [00] 00:04.34→00:07.06 (2.7ث) | still | 08_IMG_0464.jpg
        ↳ لماذا هنا: وقفة 1.4ث قبل: «يرم كنس وعالف جولي»
        ↳ انتقال: دِزولڤ/كروس-فيد طويل | Ken Burns بطيء
  [01] 00:12.66→00:15.43 (2.8ث) | clip  | 21_recorded-1909050082562.mp4
        ↳ لماذا هنا: كلمة قوية: «عاسف»
        ↳ انتقال: دِزولڤ/كروس-فيد طويل | كليب مكتوم، صوتك يكمل فوقه
  [02] 00:21.17→00:24.75 (3.6ث) | still | 11_IMG_9040.jpg
        ↳ لماذا هنا: وقفة 3.4ث قبل: «يلعشان جولي كاسف يرد»
        ↳ انتقال: دِزولڤ/كروس-فيد طويل | Ken Burns بطيء
  [03] 00:26.51→00:29.25 (2.7ث) | clip  | 15_cm-chat-media-video-1_ebdb0dd5-cd4d-5197.mov
        ↳ لماذا هنا: وقفة 1.4ث قبل: «شكرا حداري والله نداري»
        ↳ انتقال: دِزولڤ/كروس-فيد طويل | كليب مكتوم، صوتك يكمل فوقه
  [04] 00:32.47→00:35.36 (2.9ث) | still | 10_IMG_8412.jpg
        ↳ لماذا هنا: كلمة قوية: «عاسف»
        ↳ انتقال: دِزولڤ/كروس-فيد طويل | Ken Burns بطيء
  [05] 00:36.73→00:39.51 (2.8ث) | clip  | 02_3C400CAB-0C90-4A08-9ED9-C4DD9E1D23D6.mp4
        ↳ لماذا هنا: وقفة 1.0ث قبل: «أنت ضربتيني كده نعم»
        ↳ انتقال: دِزولڤ/كروس-فيد طويل | كليب مكتوم، صوتك يكمل فوقه

▶ الختام (كريشندو متصاعد) — 13 ذكرى متسارعة (كل وحدة أقصر):
  [06] 00:42.30→00:44.32 (2.03ث) | clip  | انتقال: light_leak
        ↳ 05_A44CB4DE-BB7A-4B45-AE6B-1BC978231C6C.mov
  [07] 00:44.32→00:45.98 (1.66ث) | clip  | انتقال: light_leak
        ↳ 24_recorded-659413229543.mp4
  [08] 00:45.98→00:47.35 (1.36ث) | still | انتقال: speed_ramp
        ↳ 07_IMG_0234.png
  [09] 00:47.35→00:48.47 (1.12ث) | clip  | انتقال: white_flash
        ↳ 18_cm-chat-media-video-ITWJYfVesJAF9NP55zw2.mov
  [10] 00:48.47→00:49.38 (0.92ث) | clip  | انتقال: match_cut
        ↳ 23_recorded-1916841865224.mp4
  [11] 00:49.38→00:50.13 (0.75ث) | still | انتقال: light_leak
        ↳ 09_IMG_8338.png
  [12] 00:50.13→00:50.75 (0.62ث) | clip  | انتقال: speed_ramp | سبيد رامب ×1.7
        ↳ 20_filtered-78AC7844-BE3F-4ED7-B8CF-CD9A9DC.mp4
  [13] 00:50.75→00:51.26 (0.51ث) | clip  | انتقال: white_flash
        ↳ 06_EE5B92AD-F88C-46A4-B382-769058579878.mp4
  [14] 00:51.26→00:51.77 (0.51ث) | still | انتقال: match_cut
        ↳ 10_IMG_8412.jpg
  [15] 00:51.77→00:52.27 (0.51ث) | clip  | انتقال: light_leak
        ↳ 00_00F4659C-8736-4E51-9595-9389EFBAC525.mov
  [16] 00:52.27→00:52.78 (0.51ث) | clip  | انتقال: speed_ramp | سبيد رامب ×1.7
        ↳ 19_filtered-6006F9D3-9D2A-4495-B288-5B1090B.mp4
  [17] 00:52.78→00:53.29 (0.51ث) | still | انتقال: white_flash
        ↳ 11_IMG_9040.jpg
  [18] 00:53.29→00:53.79 (0.51ث) | clip  | انتقال: match_cut
        ↳ 24_recorded-659413229543.mp4

▶ الإقفال: تلاشٍ بطيء (1.6ث) على آخر لقطة من وجهك.

♪ الصوت: صوتك سبين متواصل بلا قطع؛ موسيقى واطية مع ducking قوي في
   الجسم، ثم ترتفع تدريجياً في الختام لذروة عاطفية.
♪ اللوك: دفء + desaturation خفيف + vignette، موحّد على كل اللقطات.
------------------------------------------------------------------------------
الإخراج: /home/user/duham221/vlog_apology/out/apology_vlog.mp4
ملف EDL/CSV للتعديل اليدوي: /home/user/duham221/vlog_apology/out/edl.csv
══════════════════════════════════════════════════════════════════════════════

✓ تم: /home/user/duham221/vlog_apology/out/apology_vlog.mp4  (56.27ث، 1280x720@30)  حجم 26.3MB
